  蠕ｩ蜈・ｯｾ雎｡縺ｮ繝励Ο繧ｸ繧ｧ繧ｯ繝医ｒ豎ｺ螳壹＠縺ｦ縺・∪縺・..
C:\.Gemini\project\DcScrapingPlatform\Source\DcScrapingPlatform\DcScrapingPlatform.csproj : warning NU1510: PackageReference Microsoft.AspNetCore.Components.Authorization 縺ｯ蜿悶ｊ髯､縺九ｌ縺ｾ縺帙ｓ縲ゅ％縺ｮ繝代ャ繧ｱ繝ｼ繧ｸ縺ｯ荳崎ｦ√〒縺ゅｋ蜿ｯ閭ｽ諤ｧ縺後≠繧九◆繧√∽ｾ晏ｭ倬未菫ゅ°繧牙炎髯､縺吶ｋ縺薙→繧呈､懆ｨ弱＠縺ｦ縺上□縺輔＞縲・
  蠕ｩ蜈・ｯｾ雎｡縺ｮ縺吶∋縺ｦ縺ｮ繝励Ο繧ｸ繧ｧ繧ｯ繝医・譛譁ｰ縺ｧ縺吶・
C:\.Gemini\project\DcScrapingPlatform\Source\DcScrapingPlatform\DcScrapingPlatform.csproj : warning NU1510: PackageReference Microsoft.AspNetCore.Components.Authorization 縺ｯ蜿悶ｊ髯､縺九ｌ縺ｾ縺帙ｓ縲ゅ％縺ｮ繝代ャ繧ｱ繝ｼ繧ｸ縺ｯ荳崎ｦ√〒縺ゅｋ蜿ｯ閭ｽ諤ｧ縺後≠繧九◆繧√∽ｾ晏ｭ倬未菫ゅ°繧牙炎髯､縺吶ｋ縺薙→繧呈､懆ｨ弱＠縺ｦ縺上□縺輔＞縲・
CSC : error RZ9999: The child content element 'ChildContent' of component 'EditForm' uses the same parameter name ('context') as enclosing child content element 'NotAuthorized' of component 'AuthorizeView'. Specify the parameter name like: '<ChildContent Context="another_name"> to resolve the ambiguity [C:\.Gemini\project\DcScrapingPlatform\Source\DcScrapingPlatform.Client\DcScrapingPlatform.Client.csproj]
C:\.Gemini\project\DcScrapingPlatform\Source\DcScrapingPlatform.Client\Pages\Home.razor(61,33): error RZ9999: The child content element 'CellTemplate' of component 'TemplateColumn' uses the same parameter name ('context') as enclosing child content element 'Authorized' of component 'AuthorizeView'. Specify the parameter name like: '<CellTemplate Context="another_name"> to resolve the ambiguity [C:\.Gemini\project\DcScrapingPlatform\Source\DcScrapingPlatform.Client\DcScrapingPlatform.Client.csproj]
C:\.Gemini\project\DcScrapingPlatform\Source\DcScrapingPlatform.Client\Pages\Home.razor(70,33): error RZ9999: The child content element 'CellTemplate' of component 'TemplateColumn' uses the same parameter name ('context') as enclosing child content element 'Authorized' of component 'AuthorizeView'. Specify the parameter name like: '<CellTemplate Context="another_name"> to resolve the ambiguity [C:\.Gemini\project\DcScrapingPlatform\Source\DcScrapingPlatform.Client\DcScrapingPlatform.Client.csproj]
C:\.Gemini\project\DcScrapingPlatform\Source\DcScrapingPlatform.Client\Pages\Settings.razor(1,1): warning MUD0002: Illegal Attribute 'PanelClass' on 'MudTabs' using pattern 'LowerCase' source location '(203,12)-(203,69)' (https://mudblazor.com/features/analyzers) [C:\.Gemini\project\DcScrapingPlatform\Source\DcScrapingPlatform.Client\DcScrapingPlatform.Client.csproj]
C:\.Gemini\project\DcScrapingPlatform\Source\DcScrapingPlatform.Client\Pages\Settings.razor(1,1): warning MUD0002: Illegal Attribute 'Color' on 'MudTabPanel' using pattern 'LowerCase' source location '(962,16)-(962,77)' (https://mudblazor.com/features/analyzers) [C:\.Gemini\project\DcScrapingPlatform\Source\DcScrapingPlatform.Client\DcScrapingPlatform.Client.csproj]
C:\.Gemini\project\DcScrapingPlatform\Source\DcScrapingPlatform.Client\Pages\Home.razor(1,1): warning MUD0002: Illegal Attribute 'XAxisLabels' on 'MudChart' using pattern 'LowerCase' source location '(901,28)-(909,29)' (https://mudblazor.com/features/analyzers) [C:\.Gemini\project\DcScrapingPlatform\Source\DcScrapingPlatform.Client\DcScrapingPlatform.Client.csproj]
C:\.Gemini\project\DcScrapingPlatform\Source\DcScrapingPlatform.Client\Pages\Home.razor(1,1): warning MUD0002: Illegal Attribute 'Data' on 'MudChart' using pattern 'LowerCase' source location '(1059,28)-(1067,29)' (https://mudblazor.com/features/analyzers) [C:\.Gemini\project\DcScrapingPlatform\Source\DcScrapingPlatform.Client\DcScrapingPlatform.Client.csproj]
C:\.Gemini\project\DcScrapingPlatform\Source\DcScrapingPlatform.Client\Pages\Home.razor(1,1): warning MUD0002: Illegal Attribute 'Labels' on 'MudChart' using pattern 'LowerCase' source location '(1068,28)-(1076,29)' (https://mudblazor.com/features/analyzers) [C:\.Gemini\project\DcScrapingPlatform\Source\DcScrapingPlatform.Client\DcScrapingPlatform.Client.csproj]
C:\.Gemini\project\DcScrapingPlatform\Source\DcScrapingPlatform.Client\Pages\Home.razor(1,1): warning MUD0002: Illegal Attribute 'AlignItems' on 'MudGrid' using pattern 'LowerCase' source location '(1703,20)-(1703,92)' (https://mudblazor.com/features/analyzers) [C:\.Gemini\project\DcScrapingPlatform\Source\DcScrapingPlatform.Client\DcScrapingPlatform.Client.csproj]

繝薙Ν繝峨↓螟ｱ謨励＠縺ｾ縺励◆縲・

C:\.Gemini\project\DcScrapingPlatform\Source\DcScrapingPlatform\DcScrapingPlatform.csproj : warning NU1510: PackageReference Microsoft.AspNetCore.Components.Authorization 縺ｯ蜿悶ｊ髯､縺九ｌ縺ｾ縺帙ｓ縲ゅ％縺ｮ繝代ャ繧ｱ繝ｼ繧ｸ縺ｯ荳崎ｦ√〒縺ゅｋ蜿ｯ閭ｽ諤ｧ縺後≠繧九◆繧√∽ｾ晏ｭ倬未菫ゅ°繧牙炎髯､縺吶ｋ縺薙→繧呈､懆ｨ弱＠縺ｦ縺上□縺輔＞縲・
C:\.Gemini\project\DcScrapingPlatform\Source\DcScrapingPlatform\DcScrapingPlatform.csproj : warning NU1510: PackageReference Microsoft.AspNetCore.Components.Authorization 縺ｯ蜿悶ｊ髯､縺九ｌ縺ｾ縺帙ｓ縲ゅ％縺ｮ繝代ャ繧ｱ繝ｼ繧ｸ縺ｯ荳崎ｦ√〒縺ゅｋ蜿ｯ閭ｽ諤ｧ縺後≠繧九◆繧√∽ｾ晏ｭ倬未菫ゅ°繧牙炎髯､縺吶ｋ縺薙→繧呈､懆ｨ弱＠縺ｦ縺上□縺輔＞縲・
C:\.Gemini\project\DcScrapingPlatform\Source\DcScrapingPlatform.Client\Pages\Settings.razor(1,1): warning MUD0002: Illegal Attribute 'PanelClass' on 'MudTabs' using pattern 'LowerCase' source location '(203,12)-(203,69)' (https://mudblazor.com/features/analyzers) [C:\.Gemini\project\DcScrapingPlatform\Source\DcScrapingPlatform.Client\DcScrapingPlatform.Client.csproj]
C:\.Gemini\project\DcScrapingPlatform\Source\DcScrapingPlatform.Client\Pages\Settings.razor(1,1): warning MUD0002: Illegal Attribute 'Color' on 'MudTabPanel' using pattern 'LowerCase' source location '(962,16)-(962,77)' (https://mudblazor.com/features/analyzers) [C:\.Gemini\project\DcScrapingPlatform\Source\DcScrapingPlatform.Client\DcScrapingPlatform.Client.csproj]
C:\.Gemini\project\DcScrapingPlatform\Source\DcScrapingPlatform.Client\Pages\Home.razor(1,1): warning MUD0002: Illegal Attribute 'XAxisLabels' on 'MudChart' using pattern 'LowerCase' source location '(901,28)-(909,29)' (https://mudblazor.com/features/analyzers) [C:\.Gemini\project\DcScrapingPlatform\Source\DcScrapingPlatform.Client\DcScrapingPlatform.Client.csproj]
C:\.Gemini\project\DcScrapingPlatform\Source\DcScrapingPlatform.Client\Pages\Home.razor(1,1): warning MUD0002: Illegal Attribute 'Data' on 'MudChart' using pattern 'LowerCase' source location '(1059,28)-(1067,29)' (https://mudblazor.com/features/analyzers) [C:\.Gemini\project\DcScrapingPlatform\Source\DcScrapingPlatform.Client\DcScrapingPlatform.Client.csproj]
C:\.Gemini\project\DcScrapingPlatform\Source\DcScrapingPlatform.Client\Pages\Home.razor(1,1): warning MUD0002: Illegal Attribute 'Labels' on 'MudChart' using pattern 'LowerCase' source location '(1068,28)-(1076,29)' (https://mudblazor.com/features/analyzers) [C:\.Gemini\project\DcScrapingPlatform\Source\DcScrapingPlatform.Client\DcScrapingPlatform.Client.csproj]
C:\.Gemini\project\DcScrapingPlatform\Source\DcScrapingPlatform.Client\Pages\Home.razor(1,1): warning MUD0002: Illegal Attribute 'AlignItems' on 'MudGrid' using pattern 'LowerCase' source location '(1703,20)-(1703,92)' (https://mudblazor.com/features/analyzers) [C:\.Gemini\project\DcScrapingPlatform\Source\DcScrapingPlatform.Client\DcScrapingPlatform.Client.csproj]
CSC : error RZ9999: The child content element 'ChildContent' of component 'EditForm' uses the same parameter name ('context') as enclosing child content element 'NotAuthorized' of component 'AuthorizeView'. Specify the parameter name like: '<ChildContent Context="another_name"> to resolve the ambiguity [C:\.Gemini\project\DcScrapingPlatform\Source\DcScrapingPlatform.Client\DcScrapingPlatform.Client.csproj]
C:\.Gemini\project\DcScrapingPlatform\Source\DcScrapingPlatform.Client\Pages\Home.razor(61,33): error RZ9999: The child content element 'CellTemplate' of component 'TemplateColumn' uses the same parameter name ('context') as enclosing child content element 'Authorized' of component 'AuthorizeView'. Specify the parameter name like: '<CellTemplate Context="another_name"> to resolve the ambiguity [C:\.Gemini\project\DcScrapingPlatform\Source\DcScrapingPlatform.Client\DcScrapingPlatform.Client.csproj]
C:\.Gemini\project\DcScrapingPlatform\Source\DcScrapingPlatform.Client\Pages\Home.razor(70,33): error RZ9999: The child content element 'CellTemplate' of component 'TemplateColumn' uses the same parameter name ('context') as enclosing child content element 'Authorized' of component 'AuthorizeView'. Specify the parameter name like: '<CellTemplate Context="another_name"> to resolve the ambiguity [C:\.Gemini\project\DcScrapingPlatform\Source\DcScrapingPlatform.Client\DcScrapingPlatform.Client.csproj]
    8 蛟九・隴ｦ蜻・
    3 繧ｨ繝ｩ繝ｼ

邨碁℃譎る俣 00:00:02.32
